{smcl}
{com}{sf}{ul off}{txt}{.-}
      name:  {res}results
       {txt}log:  {res}/Users/peterreadman/Dropbox/@10,000 feet and Runway/MA in Economics at Hunter/ECO 727 - Data Analysis and Research Methods/Analysis/Exercise_5_Readman.smcl
  {txt}log type:  {res}smcl
 {txt}opened on:  {res}17 Jan 2025, 06:33:39
{txt}
{com}. set scheme s2color
{txt}
{com}. global ex=5
{txt}
{com}. global lname="Readman"
{txt}
{com}. tempfile temp1
{txt}
{com}. 
. * part a: using the “Birth Quarter.dta” data
.   use "../Data/Birth Quarter.dta" if cohort==4, clear
{txt}
{com}.   run data_check
{txt}
{com}.   describe

{txt}Contains data from {res}../Data/Birth Quarter.dta
{txt} Observations:{res}       486,926                  
{txt}    Variables:{res}            15                  16 Jan 2025 16:20
{txt}{hline}
Variable      Storage   Display    Value
    name         type    format    label      Variable label
{hline}
{p 0 48}{res}{bind:age            }{txt}{bind: byte    }{bind:%8.0g     }{space 1}{bind:         }{bind:  }{res}{res}{p_end}
{p 0 48}{bind:ageq           }{txt}{bind: float   }{bind:%9.0g     }{space 1}{bind:         }{bind:  }{res}{res}{p_end}
{p 0 48}{bind:educ           }{txt}{bind: byte    }{bind:%8.0g     }{space 1}{bind:         }{bind:  }{res}{res}{p_end}
{p 0 48}{bind:lwklywge       }{txt}{bind: float   }{bind:%9.0g     }{space 1}{bind:         }{bind:  }{res}{res}{p_end}
{p 0 48}{bind:married        }{txt}{bind: byte    }{bind:%8.0g     }{space 1}{bind:         }{bind:  }{res}{res}{p_end}
{p 0 48}{bind:census         }{txt}{bind: byte    }{bind:%8.0g     }{space 1}{bind:         }{bind:  }{res}{res}{p_end}
{p 0 48}{bind:qob            }{txt}{bind: byte    }{bind:%8.0g     }{space 1}{bind:         }{bind:  }{res}{res}{p_end}
{p 0 48}{bind:race           }{txt}{bind: byte    }{bind:%8.0g     }{space 1}{bind:         }{bind:  }{res}{res}{p_end}
{p 0 48}{bind:smsa           }{txt}{bind: byte    }{bind:%8.0g     }{space 1}{bind:         }{bind:  }{res}{res}{p_end}
{p 0 48}{bind:yob            }{txt}{bind: byte    }{bind:%8.0g     }{space 1}{bind:         }{bind:  }{res}{res}{p_end}
{p 0 48}{bind:cohort         }{txt}{bind: byte    }{bind:%9.0g     }{space 1}{bind:cohort   }{bind:  }{res}{res}{p_end}
{p 0 48}{bind:region         }{txt}{bind: byte    }{bind:%18.0g    }{space 1}{bind:region   }{bind:  }{res}{res}{p_end}
{p 0 48}{bind:age2           }{txt}{bind: float   }{bind:%9.0g     }{space 1}{bind:         }{bind:  }{res}{res}{p_end}
{p 0 48}{bind:ageqsq         }{txt}{bind: float   }{bind:%9.0g     }{space 1}{bind:         }{bind:  }{res}{res}age quarter squared{p_end}
{p 0 48}{bind:q1             }{txt}{bind: float   }{bind:%9.0g     }{space 1}{bind:         }{bind:  }{res}{res}quarter 1{p_end}
{txt}{hline}
Sorted by: 

{com}.   tabulate census

     {txt}census {c |}      Freq.     Percent        Cum.
{hline 12}{c +}{hline 35}
         80 {c |}{res}    486,926      100.00      100.00
{txt}{hline 12}{c +}{hline 35}
      Total {c |}{res}    486,926      100.00
{txt}
{com}.   assert census==80
{txt}
{com}.   assert _N==486926
{txt}
{com}. 
. * generating new variables
.   generate ageqsq=ageq^2
{err}variable {bf}ageqsq{sf} already defined
{txt}{search r(110), local:r(110);}

end of do-file

{search r(110), local:r(110);}

{com}. do /var/folders/h0/wxw40lrj64j6l30lq749x76r0000gn/T/StataRun1737113632984.do
{txt}
{com}.   eststo ols: regress lwklywge educ

{txt}      Source {c |}       SS           df       MS      Number of obs   ={res}   486,926
{txt}{hline 13}{c +}{hline 34}   F(1, 486924)    = {res} 34137.04
{txt}       Model {c |} {res} 13286.5814         1  13286.5814   {txt}Prob > F        ={res}    0.0000
{txt}    Residual {c |} {res} 189517.161   486,924  .389213022   {txt}R-squared       ={res}    0.0655
{txt}{hline 13}{c +}{hline 34}   Adj R-squared   ={res}    0.0655
{txt}       Total {c |} {res} 202803.743   486,925  .416498932   {txt}Root MSE        =   {res} .62387

{txt}{hline 13}{c TT}{hline 11}{hline 11}{hline 9}{hline 8}{hline 13}{hline 12}
{col 1}    lwklywge{col 14}{c |} Coefficient{col 26}  Std. err.{col 38}      t{col 46}   P>|t|{col 54}     [95% con{col 67}f. interval]
{hline 13}{c +}{hline 11}{hline 11}{hline 9}{hline 8}{hline 13}{hline 12}
{space 8}educ {c |}{col 14}{res}{space 2} .0554276{col 26}{space 2}    .0003{col 37}{space 1}  184.76{col 46}{space 3}0.000{col 54}{space 4} .0548397{col 67}{space 3} .0560156
{txt}{space 7}_cons {c |}{col 14}{res}{space 2}  5.04521{col 26}{space 2} .0041685{col 37}{space 1} 1210.33{col 46}{space 3}0.000{col 54}{space 4}  5.03704{col 67}{space 3} 5.053381
{txt}{hline 13}{c BT}{hline 11}{hline 11}{hline 9}{hline 8}{hline 13}{hline 12}
{res}{txt}
{com}. 
{txt}end of do-file

{com}. do /var/folders/h0/wxw40lrj64j6l30lq749x76r0000gn/T/StataRun1737113636120.do
{txt}
{com}.   eststo wald: ivregress 2sls lwklywge (educ = q1), first
{res}
{txt}First-stage regressions
{hline 23}

{col 56}{lalign 13:Number of obs}{col 69} = {res}{ralign 7:486,926}
{txt}{col 56}{lalign 13:F({res:1}, {res:486924})}{col 69} = {res}{ralign 7:68.38}
{txt}{col 56}{lalign 13:Prob > F}{col 69} = {res}{ralign 7:0.0000}
{txt}{col 56}{lalign 13:R-squared}{col 69} = {res}{ralign 7:0.0001}
{txt}{col 56}{lalign 13:Adj R-squared}{col 69} = {res}{ralign 7:0.0001}
{txt}{col 56}{lalign 13:Root MSE}{col 69} = {res}{ralign 7:2.9800}

{txt}{hline 13}{c TT}{hline 11}{hline 11}{hline 9}{hline 8}{hline 13}{hline 12}
{col 1}        educ{col 14}{c |} Coefficient{col 26}  Std. err.{col 38}      t{col 46}   P>|t|{col 54}     [95% con{col 67}f. interval]
{hline 13}{c +}{hline 11}{hline 11}{hline 9}{hline 8}{hline 13}{hline 12}
{space 10}q1 {c |}{col 14}{res}{space 2}-.0824827{col 26}{space 2} .0099745{col 37}{space 1}   -8.27{col 46}{space 3}0.000{col 54}{space 4}-.1020324{col 67}{space 3} -.062933
{txt}{space 7}_cons {c |}{col 14}{res}{space 2}  13.5917{col 26}{space 2} .0049044{col 37}{space 1} 2771.33{col 46}{space 3}0.000{col 54}{space 4} 13.58209{col 67}{space 3} 13.60131
{txt}{hline 13}{c BT}{hline 11}{hline 11}{hline 9}{hline 8}{hline 13}{hline 12}

{res}
{txt}{col 1}Instrumental-variables 2SLS regression{col 51}Number of obs{col 67}= {res}   486,926
{txt}{col 1}{col 51}Wald chi2({res}1{txt}){col 67}= {res}      0.14
{txt}{col 1}{col 51}Prob > chi2{col 67}= {res}    0.7111
{txt}{col 1}{col 51}R-squared{col 67}= {res}         .
{txt}{col 51}Root MSE{col 67}=    {res} .65347

{txt}{hline 13}{c TT}{hline 11}{hline 11}{hline 9}{hline 8}{hline 13}{hline 12}
{col 1}    lwklywge{col 14}{c |} Coefficient{col 26}  Std. err.{col 38}      z{col 46}   P>|z|{col 54}     [95% con{col 67}f. interval]
{hline 13}{c +}{hline 11}{hline 11}{hline 9}{hline 8}{hline 13}{hline 12}
{space 8}educ {c |}{col 14}{res}{space 2}-.0098222{col 26}{space 2} .0265177{col 37}{space 1}   -0.37{col 46}{space 3}0.711{col 54}{space 4}-.0617959{col 67}{space 3} .0421516
{txt}{space 7}_cons {c |}{col 14}{res}{space 2} 5.930765{col 26}{space 2} .3598933{col 37}{space 1}   16.48{col 46}{space 3}0.000{col 54}{space 4} 5.225387{col 67}{space 3} 6.636143
{txt}{hline 13}{c BT}{hline 11}{hline 11}{hline 9}{hline 8}{hline 13}{hline 12}
{p 0 12 53}Endogenous: {res:educ}{p_end}
{p 0 12 53}Exogenous:{space 1} {res:q1}{p_end}

{com}. 
{txt}end of do-file

{com}. do /var/folders/h0/wxw40lrj64j6l30lq749x76r0000gn/T/StataRun1737113637844.do
{txt}
{com}.   eststo qob_iv: ivregress 2sls lwklywge i.yob (educ = i.qob), first
{res}
{txt}First-stage regressions
{hline 23}

{col 56}{lalign 13:Number of obs}{col 69} = {res}{ralign 7:486,926}
{txt}{col 56}{lalign 13:F({res:12}, {res:486913})}{col 69} = {res}{ralign 7:239.55}
{txt}{col 56}{lalign 13:Prob > F}{col 69} = {res}{ralign 7:0.0000}
{txt}{col 56}{lalign 13:R-squared}{col 69} = {res}{ralign 7:0.0059}
{txt}{col 56}{lalign 13:Adj R-squared}{col 69} = {res}{ralign 7:0.0058}
{txt}{col 56}{lalign 13:Root MSE}{col 69} = {res}{ralign 7:2.9715}

{txt}{hline 13}{c TT}{hline 11}{hline 11}{hline 9}{hline 8}{hline 13}{hline 12}
{col 1}        educ{col 14}{c |} Coefficient{col 26}  Std. err.{col 38}      t{col 46}   P>|t|{col 54}     [95% con{col 67}f. interval]
{hline 13}{c +}{hline 11}{hline 11}{hline 9}{hline 8}{hline 13}{hline 12}
{space 9}yob {c |}
{space 9}41  {c |}{col 14}{res}{space 2} .0960074{col 26}{space 2} .0214724{col 37}{space 1}    4.47{col 46}{space 3}0.000{col 54}{space 4} .0539221{col 67}{space 3} .1380927
{txt}{space 9}42  {c |}{col 14}{res}{space 2} .2670745{col 26}{space 2} .0206708{col 37}{space 1}   12.92{col 46}{space 3}0.000{col 54}{space 4} .2265605{col 67}{space 3} .3075886
{txt}{space 9}43  {c |}{col 14}{res}{space 2} .3166501{col 26}{space 2} .0205318{col 37}{space 1}   15.42{col 46}{space 3}0.000{col 54}{space 4} .2764083{col 67}{space 3} .3568918
{txt}{space 9}44  {c |}{col 14}{res}{space 2} .3507148{col 26}{space 2} .0207359{col 37}{space 1}   16.91{col 46}{space 3}0.000{col 54}{space 4}  .310073{col 67}{space 3} .3913565
{txt}{space 9}45  {c |}{col 14}{res}{space 2} .4887813{col 26}{space 2} .0207186{col 37}{space 1}   23.59{col 46}{space 3}0.000{col 54}{space 4} .4481734{col 67}{space 3} .5293891
{txt}{space 9}46  {c |}{col 14}{res}{space 2} .6232323{col 26}{space 2} .0198677{col 37}{space 1}   31.37{col 46}{space 3}0.000{col 54}{space 4} .5842921{col 67}{space 3} .6621724
{txt}{space 9}47  {c |}{col 14}{res}{space 2} .6887149{col 26}{space 2} .0193992{col 37}{space 1}   35.50{col 46}{space 3}0.000{col 54}{space 4}  .650693{col 67}{space 3} .7267368
{txt}{space 9}48  {c |}{col 14}{res}{space 2} .6458173{col 26}{space 2} .0195986{col 37}{space 1}   32.95{col 46}{space 3}0.000{col 54}{space 4} .6074045{col 67}{space 3}   .68423
{txt}{space 9}49  {c |}{col 14}{res}{space 2} .6318383{col 26}{space 2}  .019617{col 37}{space 1}   32.21{col 46}{space 3}0.000{col 54}{space 4} .5933895{col 67}{space 3} .6702871
{txt}{space 12} {c |}
{space 9}qob {c |}
{space 10}2  {c |}{col 14}{res}{space 2} .0600045{col 26}{space 2}  .012329{col 37}{space 1}    4.87{col 46}{space 3}0.000{col 54}{space 4}   .03584{col 67}{space 3}  .084169
{txt}{space 10}3  {c |}{col 14}{res}{space 2} .0734623{col 26}{space 2} .0119663{col 37}{space 1}    6.14{col 46}{space 3}0.000{col 54}{space 4} .0500088{col 67}{space 3} .0969157
{txt}{space 10}4  {c |}{col 14}{res}{space 2} .1109685{col 26}{space 2} .0120924{col 37}{space 1}    9.18{col 46}{space 3}0.000{col 54}{space 4} .0872679{col 67}{space 3} .1346692
{txt}{space 12} {c |}
{space 7}_cons {c |}{col 14}{res}{space 2} 13.06426{col 26}{space 2} .0169599{col 37}{space 1}  770.30{col 46}{space 3}0.000{col 54}{space 4} 13.03102{col 67}{space 3}  13.0975
{txt}{hline 13}{c BT}{hline 11}{hline 11}{hline 9}{hline 8}{hline 13}{hline 12}

{res}
{txt}{col 1}Instrumental-variables 2SLS regression{col 51}Number of obs{col 67}= {res}   486,926
{txt}{col 1}{col 51}Wald chi2({res}10{txt}){col 67}= {res}   5258.52
{txt}{col 1}{col 51}Prob > chi2{col 67}= {res}    0.0000
{txt}{col 1}{col 51}R-squared{col 67}= {res}         .
{txt}{col 51}Root MSE{col 67}=    {res} .71139

{txt}{hline 13}{c TT}{hline 11}{hline 11}{hline 9}{hline 8}{hline 13}{hline 12}
{col 1}    lwklywge{col 14}{c |} Coefficient{col 26}  Std. err.{col 38}      z{col 46}   P>|z|{col 54}     [95% con{col 67}f. interval]
{hline 13}{c +}{hline 11}{hline 11}{hline 9}{hline 8}{hline 13}{hline 12}
{space 8}educ {c |}{col 14}{res}{space 2}-.0611904{col 26}{space 2}   .02569{col 37}{space 1}   -2.38{col 46}{space 3}0.017{col 54}{space 4}-.1115418{col 67}{space 3}-.0108389
{txt}{space 12} {c |}
{space 9}yob {c |}
{space 9}41  {c |}{col 14}{res}{space 2} .0030259{col 26}{space 2} .0057061{col 37}{space 1}    0.53{col 46}{space 3}0.596{col 54}{space 4}-.0081578{col 67}{space 3} .0142096
{txt}{space 9}42  {c |}{col 14}{res}{space 2}  .011837{col 26}{space 2} .0085096{col 37}{space 1}    1.39{col 46}{space 3}0.164{col 54}{space 4}-.0048415{col 67}{space 3} .0285155
{txt}{space 9}43  {c |}{col 14}{res}{space 2} .0050594{col 26}{space 2}  .009487{col 37}{space 1}    0.53{col 46}{space 3}0.594{col 54}{space 4}-.0135348{col 67}{space 3} .0236535
{txt}{space 9}44  {c |}{col 14}{res}{space 2}-.0272074{col 26}{space 2}  .010295{col 37}{space 1}   -2.64{col 46}{space 3}0.008{col 54}{space 4}-.0473852{col 67}{space 3}-.0070297
{txt}{space 9}45  {c |}{col 14}{res}{space 2}-.0392469{col 26}{space 2} .0135051{col 37}{space 1}   -2.91{col 46}{space 3}0.004{col 54}{space 4}-.0657164{col 67}{space 3}-.0127773
{txt}{space 9}46  {c |}{col 14}{res}{space 2}-.0557673{col 26}{space 2} .0168524{col 37}{space 1}   -3.31{col 46}{space 3}0.001{col 54}{space 4}-.0887974{col 67}{space 3}-.0227372
{txt}{space 9}47  {c |}{col 14}{res}{space 2}-.0845098{col 26}{space 2}  .018252{col 37}{space 1}   -4.63{col 46}{space 3}0.000{col 54}{space 4}-.1202831{col 67}{space 3}-.0487365
{txt}{space 9}48  {c |}{col 14}{res}{space 2}-.1341947{col 26}{space 2} .0172452{col 37}{space 1}   -7.78{col 46}{space 3}0.000{col 54}{space 4}-.1679947{col 67}{space 3}-.1003947
{txt}{space 9}49  {c |}{col 14}{res}{space 2} -.176109{col 26}{space 2} .0169082{col 37}{space 1}  -10.42{col 46}{space 3}0.000{col 54}{space 4}-.2092484{col 67}{space 3}-.1429696
{txt}{space 12} {c |}
{space 7}_cons {c |}{col 14}{res}{space 2} 6.685593{col 26}{space 2}  .337217{col 37}{space 1}   19.83{col 46}{space 3}0.000{col 54}{space 4}  6.02466{col 67}{space 3} 7.346526
{txt}{hline 13}{c BT}{hline 11}{hline 11}{hline 9}{hline 8}{hline 13}{hline 12}
{p 0 12 53}Endogenous: {res:educ}{p_end}
{p 0 12 53}Exogenous:{space 1} {res:41.yob 42.yob 43.yob 44.yob 45.yob 46.yob 47.yob 48.yob 49.yob 2.qob 3.qob 4.qob}{p_end}

{com}. 
{txt}end of do-file

{com}. do /var/folders/h0/wxw40lrj64j6l30lq749x76r0000gn/T/StataRun1737114887439.do
{txt}
{com}. esttab ols wald qob_iv, ///
>    b(3) se(3) stats(N, r2 fmt(%9.0fc %4.3f) labels("N" "R2")) ///
>    nodepvars nostar obslast nobaselabels varwidth(24) alignment(r) ///
>    title("Returns to Education Estimates") ///
>    mtitles("OLS" "Wald" "2SLS") ///
>    coeflabels(_cons "Constant" educ "Highet Grade Completed") ///
>    indicate("Birth Year Effects = *.yob") ///
>    nonotes addnotes("Standar errors in parentheses")
{err}option {bf:nobaselabels} not allowed
{txt}{search r(198), local:r(198);}

end of do-file

{search r(198), local:r(198);}

{com}. do /var/folders/h0/wxw40lrj64j6l30lq749x76r0000gn/T/StataRun1737114919008.do
{txt}
{com}.  esttab ols wald qob_iv, ///
>     b(3) se(3) stats(N r2, fmt(%9.0fc %4.3f) labels("N" "R2")) ///
>     nodepvars nostar obslast nobaselevels varwidth(24) alignment(r) ///
>     title("Returns to Education Estimates") ///
>     mtitles("OLS" "Wald" "2SLS") ///
>     coeflabels(_cons "Constant" educ "Highest Grade Completed") ///
>     indicate("Birth Year Effects = *.yob") ///
>     nonotes addnote("Standard errors in parentheses")
{res}
{txt}Returns to Education Estimates
{txt}{hline 63}
{txt}                                  (1)          (2)          (3)
{txt}                                  OLS         Wald         2SLS
{txt}{hline 63}
{txt}Highest Grade Completed {res}        0.055       -0.010       -0.061{txt}
                        {res} {ralign 12:{txt:(}0.000{txt:)}} {ralign 12:{txt:(}0.027{txt:)}} {ralign 12:{txt:(}0.026{txt:)}}{txt}

{txt}Constant                {res}        5.045        5.931        6.686{txt}
                        {res} {ralign 12:{txt:(}0.004{txt:)}} {ralign 12:{txt:(}0.360{txt:)}} {ralign 12:{txt:(}0.337{txt:)}}{txt}

{txt}Birth Year Effects      {res}           No           No          Yes{txt}
{txt}{hline 63}
{txt}N                       {res}      486,926      486,926      486,926{txt}
{txt}R2                      {res}        0.066            .            .{txt}
{txt}{hline 63}
{txt}Standard errors in parentheses

{com}. 
{txt}end of do-file

{com}. do /var/folders/h0/wxw40lrj64j6l30lq749x76r0000gn/T/StataRun1737114959122.do
{txt}
{com}. esttab ols wald qob_iv, ///
>     b(3) se(3) stats(N r2 widstat, fmt(%9.0fc %4.3f %4.1f) labels("Observations" "R-squared" "First-stage F-stat")) ///
>     nodepvars nostar obslast nobaselevels varwidth(24) alignment(r) ///
>     title("Returns to Education Estimates") ///
>     mtitles("OLS" "Wald" "2SLS") ///
>     coeflabels(_cons "Constant" educ "Highest Grade Completed") ///
>     indicate("Birth Year Effects = *.yob") ///
>     nonotes addnotes("Standard errors in parentheses." "Data source: 1980 Census.")
{res}
{txt}Returns to Education Estimates
{txt}{hline 63}
{txt}                                  (1)          (2)          (3)
{txt}                                  OLS         Wald         2SLS
{txt}{hline 63}
{txt}Highest Grade Completed {res}        0.055       -0.010       -0.061{txt}
                        {res} {ralign 12:{txt:(}0.000{txt:)}} {ralign 12:{txt:(}0.027{txt:)}} {ralign 12:{txt:(}0.026{txt:)}}{txt}

{txt}Constant                {res}        5.045        5.931        6.686{txt}
                        {res} {ralign 12:{txt:(}0.004{txt:)}} {ralign 12:{txt:(}0.360{txt:)}} {ralign 12:{txt:(}0.337{txt:)}}{txt}

{txt}Birth Year Effects      {res}           No           No          Yes{txt}
{txt}{hline 63}
{txt}Observations            {res}      486,926      486,926      486,926{txt}
{txt}R-squared               {res}        0.066            .            .{txt}
{txt}First-stage F-stat      {res}                                       {txt}
{txt}{hline 63}
{txt}Standard errors in parentheses.
{txt}Data source: 1980 Census.

{com}. 
. 
{txt}end of do-file

{com}. do /var/folders/h0/wxw40lrj64j6l30lq749x76r0000gn/T/StataRun1737115079890.do
{txt}
{com}. esttab ols wald qob_iv, ///
>     b(3) se(3) stats(r2 widstat N , fmt(%4.3f %4.1f %9.0fc) labels("R-squared" "First-stage F-stat" "Observations")) ///
>     nodepvars nostar obslast nobaselevels varwidth(24) alignment(r) ///
>     title("Returns to Education Estimates") ///
>     mtitles("OLS" "Wald" "2SLS") ///
>     coeflabels(_cons "Constant" educ "Highest Grade Completed") ///
>     indicate("Birth Year Effects = *.yob") ///
>     nonotes addnotes("Standard errors in parentheses." "Data source: 1980 Census.")
{res}
{txt}Returns to Education Estimates
{txt}{hline 63}
{txt}                                  (1)          (2)          (3)
{txt}                                  OLS         Wald         2SLS
{txt}{hline 63}
{txt}Highest Grade Completed {res}        0.055       -0.010       -0.061{txt}
                        {res} {ralign 12:{txt:(}0.000{txt:)}} {ralign 12:{txt:(}0.027{txt:)}} {ralign 12:{txt:(}0.026{txt:)}}{txt}

{txt}Constant                {res}        5.045        5.931        6.686{txt}
                        {res} {ralign 12:{txt:(}0.004{txt:)}} {ralign 12:{txt:(}0.360{txt:)}} {ralign 12:{txt:(}0.337{txt:)}}{txt}

{txt}Birth Year Effects      {res}           No           No          Yes{txt}
{txt}{hline 63}
{txt}R-squared               {res}        0.066            .            .{txt}
{txt}First-stage F-stat      {res}                                       {txt}
{txt}Observations            {res}      486,926      486,926      486,926{txt}
{txt}{hline 63}
{txt}Standard errors in parentheses.
{txt}Data source: 1980 Census.

{com}. 
{txt}end of do-file

{com}. do /var/folders/h0/wxw40lrj64j6l30lq749x76r0000gn/T/StataRun1737115165385.do
{txt}
{com}. esttab ols wald qob_iv, ///
>     b(3) se(3) stats(r2 widstat N , fmt(%4.3f %4.1f %9.0fc) labels("R-squared" "First-stage F-stat" "Observations")) ///
>     nodepvars nostar obslast nobaselevels varwidth(24) alignment(r) ///
>     title("Returns to Education Estimates") ///
>     mtitles("OLS" "Wald" "2SLS") ///
>     coeflabels(_cons "Constant" educ "Highest Grade Completed") ///
>     order(_cons educ)
{res}
{txt}Returns to Education Estimates
{txt}{hline 63}
{txt}                                  (1)          (2)          (3)
{txt}                                  OLS         Wald         2SLS
{txt}{hline 63}
{txt}Constant                {res}        5.045        5.931        6.686{txt}
                        {res} {ralign 12:{txt:(}0.004{txt:)}} {ralign 12:{txt:(}0.360{txt:)}} {ralign 12:{txt:(}0.337{txt:)}}{txt}

{txt}Highest Grade Completed {res}        0.055       -0.010       -0.061{txt}
                        {res} {ralign 12:{txt:(}0.000{txt:)}} {ralign 12:{txt:(}0.027{txt:)}} {ralign 12:{txt:(}0.026{txt:)}}{txt}

{txt}41.yob                  {res}                                  0.003{txt}
                        {res}                           {ralign 12:{txt:(}0.006{txt:)}}{txt}

{txt}42.yob                  {res}                                  0.012{txt}
                        {res}                           {ralign 12:{txt:(}0.009{txt:)}}{txt}

{txt}43.yob                  {res}                                  0.005{txt}
                        {res}                           {ralign 12:{txt:(}0.009{txt:)}}{txt}

{txt}44.yob                  {res}                                 -0.027{txt}
                        {res}                           {ralign 12:{txt:(}0.010{txt:)}}{txt}

{txt}45.yob                  {res}                                 -0.039{txt}
                        {res}                           {ralign 12:{txt:(}0.014{txt:)}}{txt}

{txt}46.yob                  {res}                                 -0.056{txt}
                        {res}                           {ralign 12:{txt:(}0.017{txt:)}}{txt}

{txt}47.yob                  {res}                                 -0.085{txt}
                        {res}                           {ralign 12:{txt:(}0.018{txt:)}}{txt}

{txt}48.yob                  {res}                                 -0.134{txt}
                        {res}                           {ralign 12:{txt:(}0.017{txt:)}}{txt}

{txt}49.yob                  {res}                                 -0.176{txt}
                        {res}                           {ralign 12:{txt:(}0.017{txt:)}}{txt}
{txt}{hline 63}
{txt}R-squared               {res}        0.066            .            .{txt}
{txt}First-stage F-stat      {res}                                       {txt}
{txt}Observations            {res}      486,926      486,926      486,926{txt}
{txt}{hline 63}
{txt}Standard errors in parentheses

{com}.     indicate("Birth Year Effects = *.yob") ///
>     nonotes addnotes("Standard errors in parentheses." "Data source: 1980 Census.")
{err}command {bf}indicate{sf} is unrecognized
{txt}{search r(199), local:r(199);}

end of do-file

{search r(199), local:r(199);}

{com}. do /var/folders/h0/wxw40lrj64j6l30lq749x76r0000gn/T/StataRun1737115172633.do
{txt}
{com}.   esttab ols wald qob_iv, ///
>     b(3) se(3) stats(r2 widstat N , fmt(%4.3f %4.1f %9.0fc) labels("R-squared" "First-stage F-stat" "Observations")) ///
>     nodepvars nostar obslast nobaselevels varwidth(24) alignment(r) ///
>     title("Returns to Education Estimates") ///
>     mtitles("OLS" "Wald" "2SLS") ///
>     coeflabels(_cons "Constant" educ "Highest Grade Completed") ///
>     order(_cons educ)
{res}
{txt}Returns to Education Estimates
{txt}{hline 63}
{txt}                                  (1)          (2)          (3)
{txt}                                  OLS         Wald         2SLS
{txt}{hline 63}
{txt}Constant                {res}        5.045        5.931        6.686{txt}
                        {res} {ralign 12:{txt:(}0.004{txt:)}} {ralign 12:{txt:(}0.360{txt:)}} {ralign 12:{txt:(}0.337{txt:)}}{txt}

{txt}Highest Grade Completed {res}        0.055       -0.010       -0.061{txt}
                        {res} {ralign 12:{txt:(}0.000{txt:)}} {ralign 12:{txt:(}0.027{txt:)}} {ralign 12:{txt:(}0.026{txt:)}}{txt}

{txt}41.yob                  {res}                                  0.003{txt}
                        {res}                           {ralign 12:{txt:(}0.006{txt:)}}{txt}

{txt}42.yob                  {res}                                  0.012{txt}
                        {res}                           {ralign 12:{txt:(}0.009{txt:)}}{txt}

{txt}43.yob                  {res}                                  0.005{txt}
                        {res}                           {ralign 12:{txt:(}0.009{txt:)}}{txt}

{txt}44.yob                  {res}                                 -0.027{txt}
                        {res}                           {ralign 12:{txt:(}0.010{txt:)}}{txt}

{txt}45.yob                  {res}                                 -0.039{txt}
                        {res}                           {ralign 12:{txt:(}0.014{txt:)}}{txt}

{txt}46.yob                  {res}                                 -0.056{txt}
                        {res}                           {ralign 12:{txt:(}0.017{txt:)}}{txt}

{txt}47.yob                  {res}                                 -0.085{txt}
                        {res}                           {ralign 12:{txt:(}0.018{txt:)}}{txt}

{txt}48.yob                  {res}                                 -0.134{txt}
                        {res}                           {ralign 12:{txt:(}0.017{txt:)}}{txt}

{txt}49.yob                  {res}                                 -0.176{txt}
                        {res}                           {ralign 12:{txt:(}0.017{txt:)}}{txt}
{txt}{hline 63}
{txt}R-squared               {res}        0.066            .            .{txt}
{txt}First-stage F-stat      {res}                                       {txt}
{txt}Observations            {res}      486,926      486,926      486,926{txt}
{txt}{hline 63}
{txt}Standard errors in parentheses

{com}.     indicate("Birth Year Effects = *.yob") ///
>     nonotes addnotes("Standard errors in parentheses." "Data source: 1980 Census.")
{err}command {bf}indicate{sf} is unrecognized
{txt}{search r(199), local:r(199);}

end of do-file

{search r(199), local:r(199);}

{com}. do /var/folders/h0/wxw40lrj64j6l30lq749x76r0000gn/T/StataRun1737115213009.do
{txt}
{com}. 
.   esttab ols wald qob_iv, ///
>     b(3) se(3) stats(r2 widstat N , fmt(%4.3f %4.1f %9.0fc) labels("R-squared" "First-stage F-stat" "Observations")) ///
>     nodepvars nostar obslast nobaselevels varwidth(24) alignment(r) ///
>     title("Returns to Education Estimates") ///
>     mtitles("OLS" "Wald" "2SLS") ///
>     coeflabels(_cons "Constant" educ "Highest Grade Completed") ///
>     order(_cons educ) ///
>     indicate("Birth Year Effects = *.yob") ///
>     nonotes addnotes("Standard errors in parentheses." "Data source: 1980 Census.")
{res}
{txt}Returns to Education Estimates
{txt}{hline 63}
{txt}                                  (1)          (2)          (3)
{txt}                                  OLS         Wald         2SLS
{txt}{hline 63}
{txt}Constant                {res}        5.045        5.931        6.686{txt}
                        {res} {ralign 12:{txt:(}0.004{txt:)}} {ralign 12:{txt:(}0.360{txt:)}} {ralign 12:{txt:(}0.337{txt:)}}{txt}

{txt}Highest Grade Completed {res}        0.055       -0.010       -0.061{txt}
                        {res} {ralign 12:{txt:(}0.000{txt:)}} {ralign 12:{txt:(}0.027{txt:)}} {ralign 12:{txt:(}0.026{txt:)}}{txt}

{txt}Birth Year Effects      {res}           No           No          Yes{txt}
{txt}{hline 63}
{txt}R-squared               {res}        0.066            .            .{txt}
{txt}First-stage F-stat      {res}                                       {txt}
{txt}Observations            {res}      486,926      486,926      486,926{txt}
{txt}{hline 63}
{txt}Standard errors in parentheses.
{txt}Data source: 1980 Census.

{com}. 
. *** end part b
. 
{txt}end of do-file

{com}. do /var/folders/h0/wxw40lrj64j6l30lq749x76r0000gn/T/StataRun1737115232744.do
{txt}
{com}. * part b: Estimate the log-Wage Regression by OLS and 2SLS
. * OLS regression
.   eststo ols: regress lwklywge educ

{txt}      Source {c |}       SS           df       MS      Number of obs   ={res}   486,926
{txt}{hline 13}{c +}{hline 34}   F(1, 486924)    = {res} 34137.04
{txt}       Model {c |} {res} 13286.5814         1  13286.5814   {txt}Prob > F        ={res}    0.0000
{txt}    Residual {c |} {res} 189517.161   486,924  .389213022   {txt}R-squared       ={res}    0.0655
{txt}{hline 13}{c +}{hline 34}   Adj R-squared   ={res}    0.0655
{txt}       Total {c |} {res} 202803.743   486,925  .416498932   {txt}Root MSE        =   {res} .62387

{txt}{hline 13}{c TT}{hline 11}{hline 11}{hline 9}{hline 8}{hline 13}{hline 12}
{col 1}    lwklywge{col 14}{c |} Coefficient{col 26}  Std. err.{col 38}      t{col 46}   P>|t|{col 54}     [95% con{col 67}f. interval]
{hline 13}{c +}{hline 11}{hline 11}{hline 9}{hline 8}{hline 13}{hline 12}
{space 8}educ {c |}{col 14}{res}{space 2} .0554276{col 26}{space 2}    .0003{col 37}{space 1}  184.76{col 46}{space 3}0.000{col 54}{space 4} .0548397{col 67}{space 3} .0560156
{txt}{space 7}_cons {c |}{col 14}{res}{space 2}  5.04521{col 26}{space 2} .0041685{col 37}{space 1} 1210.33{col 46}{space 3}0.000{col 54}{space 4}  5.03704{col 67}{space 3} 5.053381
{txt}{hline 13}{c BT}{hline 11}{hline 11}{hline 9}{hline 8}{hline 13}{hline 12}
{res}{txt}
{com}.   eststo wald: ivregress 2sls lwklywge (educ = q1), first
{res}
{txt}First-stage regressions
{hline 23}

{col 56}{lalign 13:Number of obs}{col 69} = {res}{ralign 7:486,926}
{txt}{col 56}{lalign 13:F({res:1}, {res:486924})}{col 69} = {res}{ralign 7:68.38}
{txt}{col 56}{lalign 13:Prob > F}{col 69} = {res}{ralign 7:0.0000}
{txt}{col 56}{lalign 13:R-squared}{col 69} = {res}{ralign 7:0.0001}
{txt}{col 56}{lalign 13:Adj R-squared}{col 69} = {res}{ralign 7:0.0001}
{txt}{col 56}{lalign 13:Root MSE}{col 69} = {res}{ralign 7:2.9800}

{txt}{hline 13}{c TT}{hline 11}{hline 11}{hline 9}{hline 8}{hline 13}{hline 12}
{col 1}        educ{col 14}{c |} Coefficient{col 26}  Std. err.{col 38}      t{col 46}   P>|t|{col 54}     [95% con{col 67}f. interval]
{hline 13}{c +}{hline 11}{hline 11}{hline 9}{hline 8}{hline 13}{hline 12}
{space 10}q1 {c |}{col 14}{res}{space 2}-.0824827{col 26}{space 2} .0099745{col 37}{space 1}   -8.27{col 46}{space 3}0.000{col 54}{space 4}-.1020324{col 67}{space 3} -.062933
{txt}{space 7}_cons {c |}{col 14}{res}{space 2}  13.5917{col 26}{space 2} .0049044{col 37}{space 1} 2771.33{col 46}{space 3}0.000{col 54}{space 4} 13.58209{col 67}{space 3} 13.60131
{txt}{hline 13}{c BT}{hline 11}{hline 11}{hline 9}{hline 8}{hline 13}{hline 12}

{res}
{txt}{col 1}Instrumental-variables 2SLS regression{col 51}Number of obs{col 67}= {res}   486,926
{txt}{col 1}{col 51}Wald chi2({res}1{txt}){col 67}= {res}      0.14
{txt}{col 1}{col 51}Prob > chi2{col 67}= {res}    0.7111
{txt}{col 1}{col 51}R-squared{col 67}= {res}         .
{txt}{col 51}Root MSE{col 67}=    {res} .65347

{txt}{hline 13}{c TT}{hline 11}{hline 11}{hline 9}{hline 8}{hline 13}{hline 12}
{col 1}    lwklywge{col 14}{c |} Coefficient{col 26}  Std. err.{col 38}      z{col 46}   P>|z|{col 54}     [95% con{col 67}f. interval]
{hline 13}{c +}{hline 11}{hline 11}{hline 9}{hline 8}{hline 13}{hline 12}
{space 8}educ {c |}{col 14}{res}{space 2}-.0098222{col 26}{space 2} .0265177{col 37}{space 1}   -0.37{col 46}{space 3}0.711{col 54}{space 4}-.0617959{col 67}{space 3} .0421516
{txt}{space 7}_cons {c |}{col 14}{res}{space 2} 5.930765{col 26}{space 2} .3598933{col 37}{space 1}   16.48{col 46}{space 3}0.000{col 54}{space 4} 5.225387{col 67}{space 3} 6.636143
{txt}{hline 13}{c BT}{hline 11}{hline 11}{hline 9}{hline 8}{hline 13}{hline 12}
{p 0 12 53}Endogenous: {res:educ}{p_end}
{p 0 12 53}Exogenous:{space 1} {res:q1}{p_end}

{com}.   eststo qob_iv: ivregress 2sls lwklywge i.yob (educ = i.qob), first
{res}
{txt}First-stage regressions
{hline 23}

{col 56}{lalign 13:Number of obs}{col 69} = {res}{ralign 7:486,926}
{txt}{col 56}{lalign 13:F({res:12}, {res:486913})}{col 69} = {res}{ralign 7:239.55}
{txt}{col 56}{lalign 13:Prob > F}{col 69} = {res}{ralign 7:0.0000}
{txt}{col 56}{lalign 13:R-squared}{col 69} = {res}{ralign 7:0.0059}
{txt}{col 56}{lalign 13:Adj R-squared}{col 69} = {res}{ralign 7:0.0058}
{txt}{col 56}{lalign 13:Root MSE}{col 69} = {res}{ralign 7:2.9715}

{txt}{hline 13}{c TT}{hline 11}{hline 11}{hline 9}{hline 8}{hline 13}{hline 12}
{col 1}        educ{col 14}{c |} Coefficient{col 26}  Std. err.{col 38}      t{col 46}   P>|t|{col 54}     [95% con{col 67}f. interval]
{hline 13}{c +}{hline 11}{hline 11}{hline 9}{hline 8}{hline 13}{hline 12}
{space 9}yob {c |}
{space 9}41  {c |}{col 14}{res}{space 2} .0960074{col 26}{space 2} .0214724{col 37}{space 1}    4.47{col 46}{space 3}0.000{col 54}{space 4} .0539221{col 67}{space 3} .1380927
{txt}{space 9}42  {c |}{col 14}{res}{space 2} .2670745{col 26}{space 2} .0206708{col 37}{space 1}   12.92{col 46}{space 3}0.000{col 54}{space 4} .2265605{col 67}{space 3} .3075886
{txt}{space 9}43  {c |}{col 14}{res}{space 2} .3166501{col 26}{space 2} .0205318{col 37}{space 1}   15.42{col 46}{space 3}0.000{col 54}{space 4} .2764083{col 67}{space 3} .3568918
{txt}{space 9}44  {c |}{col 14}{res}{space 2} .3507148{col 26}{space 2} .0207359{col 37}{space 1}   16.91{col 46}{space 3}0.000{col 54}{space 4}  .310073{col 67}{space 3} .3913565
{txt}{space 9}45  {c |}{col 14}{res}{space 2} .4887813{col 26}{space 2} .0207186{col 37}{space 1}   23.59{col 46}{space 3}0.000{col 54}{space 4} .4481734{col 67}{space 3} .5293891
{txt}{space 9}46  {c |}{col 14}{res}{space 2} .6232323{col 26}{space 2} .0198677{col 37}{space 1}   31.37{col 46}{space 3}0.000{col 54}{space 4} .5842921{col 67}{space 3} .6621724
{txt}{space 9}47  {c |}{col 14}{res}{space 2} .6887149{col 26}{space 2} .0193992{col 37}{space 1}   35.50{col 46}{space 3}0.000{col 54}{space 4}  .650693{col 67}{space 3} .7267368
{txt}{space 9}48  {c |}{col 14}{res}{space 2} .6458173{col 26}{space 2} .0195986{col 37}{space 1}   32.95{col 46}{space 3}0.000{col 54}{space 4} .6074045{col 67}{space 3}   .68423
{txt}{space 9}49  {c |}{col 14}{res}{space 2} .6318383{col 26}{space 2}  .019617{col 37}{space 1}   32.21{col 46}{space 3}0.000{col 54}{space 4} .5933895{col 67}{space 3} .6702871
{txt}{space 12} {c |}
{space 9}qob {c |}
{space 10}2  {c |}{col 14}{res}{space 2} .0600045{col 26}{space 2}  .012329{col 37}{space 1}    4.87{col 46}{space 3}0.000{col 54}{space 4}   .03584{col 67}{space 3}  .084169
{txt}{space 10}3  {c |}{col 14}{res}{space 2} .0734623{col 26}{space 2} .0119663{col 37}{space 1}    6.14{col 46}{space 3}0.000{col 54}{space 4} .0500088{col 67}{space 3} .0969157
{txt}{space 10}4  {c |}{col 14}{res}{space 2} .1109685{col 26}{space 2} .0120924{col 37}{space 1}    9.18{col 46}{space 3}0.000{col 54}{space 4} .0872679{col 67}{space 3} .1346692
{txt}{space 12} {c |}
{space 7}_cons {c |}{col 14}{res}{space 2} 13.06426{col 26}{space 2} .0169599{col 37}{space 1}  770.30{col 46}{space 3}0.000{col 54}{space 4} 13.03102{col 67}{space 3}  13.0975
{txt}{hline 13}{c BT}{hline 11}{hline 11}{hline 9}{hline 8}{hline 13}{hline 12}

{res}
{txt}{col 1}Instrumental-variables 2SLS regression{col 51}Number of obs{col 67}= {res}   486,926
{txt}{col 1}{col 51}Wald chi2({res}10{txt}){col 67}= {res}   5258.52
{txt}{col 1}{col 51}Prob > chi2{col 67}= {res}    0.0000
{txt}{col 1}{col 51}R-squared{col 67}= {res}         .
{txt}{col 51}Root MSE{col 67}=    {res} .71139

{txt}{hline 13}{c TT}{hline 11}{hline 11}{hline 9}{hline 8}{hline 13}{hline 12}
{col 1}    lwklywge{col 14}{c |} Coefficient{col 26}  Std. err.{col 38}      z{col 46}   P>|z|{col 54}     [95% con{col 67}f. interval]
{hline 13}{c +}{hline 11}{hline 11}{hline 9}{hline 8}{hline 13}{hline 12}
{space 8}educ {c |}{col 14}{res}{space 2}-.0611904{col 26}{space 2}   .02569{col 37}{space 1}   -2.38{col 46}{space 3}0.017{col 54}{space 4}-.1115418{col 67}{space 3}-.0108389
{txt}{space 12} {c |}
{space 9}yob {c |}
{space 9}41  {c |}{col 14}{res}{space 2} .0030259{col 26}{space 2} .0057061{col 37}{space 1}    0.53{col 46}{space 3}0.596{col 54}{space 4}-.0081578{col 67}{space 3} .0142096
{txt}{space 9}42  {c |}{col 14}{res}{space 2}  .011837{col 26}{space 2} .0085096{col 37}{space 1}    1.39{col 46}{space 3}0.164{col 54}{space 4}-.0048415{col 67}{space 3} .0285155
{txt}{space 9}43  {c |}{col 14}{res}{space 2} .0050594{col 26}{space 2}  .009487{col 37}{space 1}    0.53{col 46}{space 3}0.594{col 54}{space 4}-.0135348{col 67}{space 3} .0236535
{txt}{space 9}44  {c |}{col 14}{res}{space 2}-.0272074{col 26}{space 2}  .010295{col 37}{space 1}   -2.64{col 46}{space 3}0.008{col 54}{space 4}-.0473852{col 67}{space 3}-.0070297
{txt}{space 9}45  {c |}{col 14}{res}{space 2}-.0392469{col 26}{space 2} .0135051{col 37}{space 1}   -2.91{col 46}{space 3}0.004{col 54}{space 4}-.0657164{col 67}{space 3}-.0127773
{txt}{space 9}46  {c |}{col 14}{res}{space 2}-.0557673{col 26}{space 2} .0168524{col 37}{space 1}   -3.31{col 46}{space 3}0.001{col 54}{space 4}-.0887974{col 67}{space 3}-.0227372
{txt}{space 9}47  {c |}{col 14}{res}{space 2}-.0845098{col 26}{space 2}  .018252{col 37}{space 1}   -4.63{col 46}{space 3}0.000{col 54}{space 4}-.1202831{col 67}{space 3}-.0487365
{txt}{space 9}48  {c |}{col 14}{res}{space 2}-.1341947{col 26}{space 2} .0172452{col 37}{space 1}   -7.78{col 46}{space 3}0.000{col 54}{space 4}-.1679947{col 67}{space 3}-.1003947
{txt}{space 9}49  {c |}{col 14}{res}{space 2} -.176109{col 26}{space 2} .0169082{col 37}{space 1}  -10.42{col 46}{space 3}0.000{col 54}{space 4}-.2092484{col 67}{space 3}-.1429696
{txt}{space 12} {c |}
{space 7}_cons {c |}{col 14}{res}{space 2} 6.685593{col 26}{space 2}  .337217{col 37}{space 1}   19.83{col 46}{space 3}0.000{col 54}{space 4}  6.02466{col 67}{space 3} 7.346526
{txt}{hline 13}{c BT}{hline 11}{hline 11}{hline 9}{hline 8}{hline 13}{hline 12}
{p 0 12 53}Endogenous: {res:educ}{p_end}
{p 0 12 53}Exogenous:{space 1} {res:41.yob 42.yob 43.yob 44.yob 45.yob 46.yob 47.yob 48.yob 49.yob 2.qob 3.qob 4.qob}{p_end}

{com}.    
.   esttab ols wald qob_iv, ///
>     b(3) se(3) stats(r2 widstat N , fmt(%4.3f %4.1f %9.0fc) labels("R-squared" "First-stage F-stat" "Observations")) ///
>     nodepvars nostar obslast nobaselevels varwidth(24) alignment(r) ///
>     title("Returns to Education Estimates") ///
>     mtitles("OLS" "Wald" "2SLS") ///
>     coeflabels(_cons "Constant" educ "Highest Grade Completed") ///
>     order(_cons educ) ///
>     indicate("Birth Year Effects = *.yob") ///
>     nonotes addnotes("Standard errors in parentheses." "Data source: 1980 Census.")
{res}
{txt}Returns to Education Estimates
{txt}{hline 63}
{txt}                                  (1)          (2)          (3)
{txt}                                  OLS         Wald         2SLS
{txt}{hline 63}
{txt}Constant                {res}        5.045        5.931        6.686{txt}
                        {res} {ralign 12:{txt:(}0.004{txt:)}} {ralign 12:{txt:(}0.360{txt:)}} {ralign 12:{txt:(}0.337{txt:)}}{txt}

{txt}Highest Grade Completed {res}        0.055       -0.010       -0.061{txt}
                        {res} {ralign 12:{txt:(}0.000{txt:)}} {ralign 12:{txt:(}0.027{txt:)}} {ralign 12:{txt:(}0.026{txt:)}}{txt}

{txt}Birth Year Effects      {res}           No           No          Yes{txt}
{txt}{hline 63}
{txt}R-squared               {res}        0.066            .            .{txt}
{txt}First-stage F-stat      {res}                                       {txt}
{txt}Observations            {res}      486,926      486,926      486,926{txt}
{txt}{hline 63}
{txt}Standard errors in parentheses.
{txt}Data source: 1980 Census.

{com}. 
. *** end part b
. 
{txt}end of do-file

{com}. do /var/folders/h0/wxw40lrj64j6l30lq749x76r0000gn/T/StataRun1737115476695.do
{txt}
{com}. * OLS regression
.   eststo ols: regress lwklywge educ

{txt}      Source {c |}       SS           df       MS      Number of obs   ={res}   486,926
{txt}{hline 13}{c +}{hline 34}   F(1, 486924)    = {res} 34137.04
{txt}       Model {c |} {res} 13286.5814         1  13286.5814   {txt}Prob > F        ={res}    0.0000
{txt}    Residual {c |} {res} 189517.161   486,924  .389213022   {txt}R-squared       ={res}    0.0655
{txt}{hline 13}{c +}{hline 34}   Adj R-squared   ={res}    0.0655
{txt}       Total {c |} {res} 202803.743   486,925  .416498932   {txt}Root MSE        =   {res} .62387

{txt}{hline 13}{c TT}{hline 11}{hline 11}{hline 9}{hline 8}{hline 13}{hline 12}
{col 1}    lwklywge{col 14}{c |} Coefficient{col 26}  Std. err.{col 38}      t{col 46}   P>|t|{col 54}     [95% con{col 67}f. interval]
{hline 13}{c +}{hline 11}{hline 11}{hline 9}{hline 8}{hline 13}{hline 12}
{space 8}educ {c |}{col 14}{res}{space 2} .0554276{col 26}{space 2}    .0003{col 37}{space 1}  184.76{col 46}{space 3}0.000{col 54}{space 4} .0548397{col 67}{space 3} .0560156
{txt}{space 7}_cons {c |}{col 14}{res}{space 2}  5.04521{col 26}{space 2} .0041685{col 37}{space 1} 1210.33{col 46}{space 3}0.000{col 54}{space 4}  5.03704{col 67}{space 3} 5.053381
{txt}{hline 13}{c BT}{hline 11}{hline 11}{hline 9}{hline 8}{hline 13}{hline 12}
{res}{txt}
{com}.   eststo wald: ivregress 2sls lwklywge (educ = q1), first
{res}
{txt}First-stage regressions
{hline 23}

{col 56}{lalign 13:Number of obs}{col 69} = {res}{ralign 7:486,926}
{txt}{col 56}{lalign 13:F({res:1}, {res:486924})}{col 69} = {res}{ralign 7:68.38}
{txt}{col 56}{lalign 13:Prob > F}{col 69} = {res}{ralign 7:0.0000}
{txt}{col 56}{lalign 13:R-squared}{col 69} = {res}{ralign 7:0.0001}
{txt}{col 56}{lalign 13:Adj R-squared}{col 69} = {res}{ralign 7:0.0001}
{txt}{col 56}{lalign 13:Root MSE}{col 69} = {res}{ralign 7:2.9800}

{txt}{hline 13}{c TT}{hline 11}{hline 11}{hline 9}{hline 8}{hline 13}{hline 12}
{col 1}        educ{col 14}{c |} Coefficient{col 26}  Std. err.{col 38}      t{col 46}   P>|t|{col 54}     [95% con{col 67}f. interval]
{hline 13}{c +}{hline 11}{hline 11}{hline 9}{hline 8}{hline 13}{hline 12}
{space 10}q1 {c |}{col 14}{res}{space 2}-.0824827{col 26}{space 2} .0099745{col 37}{space 1}   -8.27{col 46}{space 3}0.000{col 54}{space 4}-.1020324{col 67}{space 3} -.062933
{txt}{space 7}_cons {c |}{col 14}{res}{space 2}  13.5917{col 26}{space 2} .0049044{col 37}{space 1} 2771.33{col 46}{space 3}0.000{col 54}{space 4} 13.58209{col 67}{space 3} 13.60131
{txt}{hline 13}{c BT}{hline 11}{hline 11}{hline 9}{hline 8}{hline 13}{hline 12}

{res}
{txt}{col 1}Instrumental-variables 2SLS regression{col 51}Number of obs{col 67}= {res}   486,926
{txt}{col 1}{col 51}Wald chi2({res}1{txt}){col 67}= {res}      0.14
{txt}{col 1}{col 51}Prob > chi2{col 67}= {res}    0.7111
{txt}{col 1}{col 51}R-squared{col 67}= {res}         .
{txt}{col 51}Root MSE{col 67}=    {res} .65347

{txt}{hline 13}{c TT}{hline 11}{hline 11}{hline 9}{hline 8}{hline 13}{hline 12}
{col 1}    lwklywge{col 14}{c |} Coefficient{col 26}  Std. err.{col 38}      z{col 46}   P>|z|{col 54}     [95% con{col 67}f. interval]
{hline 13}{c +}{hline 11}{hline 11}{hline 9}{hline 8}{hline 13}{hline 12}
{space 8}educ {c |}{col 14}{res}{space 2}-.0098222{col 26}{space 2} .0265177{col 37}{space 1}   -0.37{col 46}{space 3}0.711{col 54}{space 4}-.0617959{col 67}{space 3} .0421516
{txt}{space 7}_cons {c |}{col 14}{res}{space 2} 5.930765{col 26}{space 2} .3598933{col 37}{space 1}   16.48{col 46}{space 3}0.000{col 54}{space 4} 5.225387{col 67}{space 3} 6.636143
{txt}{hline 13}{c BT}{hline 11}{hline 11}{hline 9}{hline 8}{hline 13}{hline 12}
{p 0 12 53}Endogenous: {res:educ}{p_end}
{p 0 12 53}Exogenous:{space 1} {res:q1}{p_end}

{com}.    estadd scalar widstat=e(F)

{txt}added scalar:
            e(widstat) =  {res}.
{txt}
{com}.   eststo qob_iv: ivregress 2sls lwklywge i.yob (educ = i.qob), first
{res}
{txt}First-stage regressions
{hline 23}

{col 56}{lalign 13:Number of obs}{col 69} = {res}{ralign 7:486,926}
{txt}{col 56}{lalign 13:F({res:12}, {res:486913})}{col 69} = {res}{ralign 7:239.55}
{txt}{col 56}{lalign 13:Prob > F}{col 69} = {res}{ralign 7:0.0000}
{txt}{col 56}{lalign 13:R-squared}{col 69} = {res}{ralign 7:0.0059}
{txt}{col 56}{lalign 13:Adj R-squared}{col 69} = {res}{ralign 7:0.0058}
{txt}{col 56}{lalign 13:Root MSE}{col 69} = {res}{ralign 7:2.9715}

{txt}{hline 13}{c TT}{hline 11}{hline 11}{hline 9}{hline 8}{hline 13}{hline 12}
{col 1}        educ{col 14}{c |} Coefficient{col 26}  Std. err.{col 38}      t{col 46}   P>|t|{col 54}     [95% con{col 67}f. interval]
{hline 13}{c +}{hline 11}{hline 11}{hline 9}{hline 8}{hline 13}{hline 12}
{space 9}yob {c |}
{space 9}41  {c |}{col 14}{res}{space 2} .0960074{col 26}{space 2} .0214724{col 37}{space 1}    4.47{col 46}{space 3}0.000{col 54}{space 4} .0539221{col 67}{space 3} .1380927
{txt}{space 9}42  {c |}{col 14}{res}{space 2} .2670745{col 26}{space 2} .0206708{col 37}{space 1}   12.92{col 46}{space 3}0.000{col 54}{space 4} .2265605{col 67}{space 3} .3075886
{txt}{space 9}43  {c |}{col 14}{res}{space 2} .3166501{col 26}{space 2} .0205318{col 37}{space 1}   15.42{col 46}{space 3}0.000{col 54}{space 4} .2764083{col 67}{space 3} .3568918
{txt}{space 9}44  {c |}{col 14}{res}{space 2} .3507148{col 26}{space 2} .0207359{col 37}{space 1}   16.91{col 46}{space 3}0.000{col 54}{space 4}  .310073{col 67}{space 3} .3913565
{txt}{space 9}45  {c |}{col 14}{res}{space 2} .4887813{col 26}{space 2} .0207186{col 37}{space 1}   23.59{col 46}{space 3}0.000{col 54}{space 4} .4481734{col 67}{space 3} .5293891
{txt}{space 9}46  {c |}{col 14}{res}{space 2} .6232323{col 26}{space 2} .0198677{col 37}{space 1}   31.37{col 46}{space 3}0.000{col 54}{space 4} .5842921{col 67}{space 3} .6621724
{txt}{space 9}47  {c |}{col 14}{res}{space 2} .6887149{col 26}{space 2} .0193992{col 37}{space 1}   35.50{col 46}{space 3}0.000{col 54}{space 4}  .650693{col 67}{space 3} .7267368
{txt}{space 9}48  {c |}{col 14}{res}{space 2} .6458173{col 26}{space 2} .0195986{col 37}{space 1}   32.95{col 46}{space 3}0.000{col 54}{space 4} .6074045{col 67}{space 3}   .68423
{txt}{space 9}49  {c |}{col 14}{res}{space 2} .6318383{col 26}{space 2}  .019617{col 37}{space 1}   32.21{col 46}{space 3}0.000{col 54}{space 4} .5933895{col 67}{space 3} .6702871
{txt}{space 12} {c |}
{space 9}qob {c |}
{space 10}2  {c |}{col 14}{res}{space 2} .0600045{col 26}{space 2}  .012329{col 37}{space 1}    4.87{col 46}{space 3}0.000{col 54}{space 4}   .03584{col 67}{space 3}  .084169
{txt}{space 10}3  {c |}{col 14}{res}{space 2} .0734623{col 26}{space 2} .0119663{col 37}{space 1}    6.14{col 46}{space 3}0.000{col 54}{space 4} .0500088{col 67}{space 3} .0969157
{txt}{space 10}4  {c |}{col 14}{res}{space 2} .1109685{col 26}{space 2} .0120924{col 37}{space 1}    9.18{col 46}{space 3}0.000{col 54}{space 4} .0872679{col 67}{space 3} .1346692
{txt}{space 12} {c |}
{space 7}_cons {c |}{col 14}{res}{space 2} 13.06426{col 26}{space 2} .0169599{col 37}{space 1}  770.30{col 46}{space 3}0.000{col 54}{space 4} 13.03102{col 67}{space 3}  13.0975
{txt}{hline 13}{c BT}{hline 11}{hline 11}{hline 9}{hline 8}{hline 13}{hline 12}

{res}
{txt}{col 1}Instrumental-variables 2SLS regression{col 51}Number of obs{col 67}= {res}   486,926
{txt}{col 1}{col 51}Wald chi2({res}10{txt}){col 67}= {res}   5258.52
{txt}{col 1}{col 51}Prob > chi2{col 67}= {res}    0.0000
{txt}{col 1}{col 51}R-squared{col 67}= {res}         .
{txt}{col 51}Root MSE{col 67}=    {res} .71139

{txt}{hline 13}{c TT}{hline 11}{hline 11}{hline 9}{hline 8}{hline 13}{hline 12}
{col 1}    lwklywge{col 14}{c |} Coefficient{col 26}  Std. err.{col 38}      z{col 46}   P>|z|{col 54}     [95% con{col 67}f. interval]
{hline 13}{c +}{hline 11}{hline 11}{hline 9}{hline 8}{hline 13}{hline 12}
{space 8}educ {c |}{col 14}{res}{space 2}-.0611904{col 26}{space 2}   .02569{col 37}{space 1}   -2.38{col 46}{space 3}0.017{col 54}{space 4}-.1115418{col 67}{space 3}-.0108389
{txt}{space 12} {c |}
{space 9}yob {c |}
{space 9}41  {c |}{col 14}{res}{space 2} .0030259{col 26}{space 2} .0057061{col 37}{space 1}    0.53{col 46}{space 3}0.596{col 54}{space 4}-.0081578{col 67}{space 3} .0142096
{txt}{space 9}42  {c |}{col 14}{res}{space 2}  .011837{col 26}{space 2} .0085096{col 37}{space 1}    1.39{col 46}{space 3}0.164{col 54}{space 4}-.0048415{col 67}{space 3} .0285155
{txt}{space 9}43  {c |}{col 14}{res}{space 2} .0050594{col 26}{space 2}  .009487{col 37}{space 1}    0.53{col 46}{space 3}0.594{col 54}{space 4}-.0135348{col 67}{space 3} .0236535
{txt}{space 9}44  {c |}{col 14}{res}{space 2}-.0272074{col 26}{space 2}  .010295{col 37}{space 1}   -2.64{col 46}{space 3}0.008{col 54}{space 4}-.0473852{col 67}{space 3}-.0070297
{txt}{space 9}45  {c |}{col 14}{res}{space 2}-.0392469{col 26}{space 2} .0135051{col 37}{space 1}   -2.91{col 46}{space 3}0.004{col 54}{space 4}-.0657164{col 67}{space 3}-.0127773
{txt}{space 9}46  {c |}{col 14}{res}{space 2}-.0557673{col 26}{space 2} .0168524{col 37}{space 1}   -3.31{col 46}{space 3}0.001{col 54}{space 4}-.0887974{col 67}{space 3}-.0227372
{txt}{space 9}47  {c |}{col 14}{res}{space 2}-.0845098{col 26}{space 2}  .018252{col 37}{space 1}   -4.63{col 46}{space 3}0.000{col 54}{space 4}-.1202831{col 67}{space 3}-.0487365
{txt}{space 9}48  {c |}{col 14}{res}{space 2}-.1341947{col 26}{space 2} .0172452{col 37}{space 1}   -7.78{col 46}{space 3}0.000{col 54}{space 4}-.1679947{col 67}{space 3}-.1003947
{txt}{space 9}49  {c |}{col 14}{res}{space 2} -.176109{col 26}{space 2} .0169082{col 37}{space 1}  -10.42{col 46}{space 3}0.000{col 54}{space 4}-.2092484{col 67}{space 3}-.1429696
{txt}{space 12} {c |}
{space 7}_cons {c |}{col 14}{res}{space 2} 6.685593{col 26}{space 2}  .337217{col 37}{space 1}   19.83{col 46}{space 3}0.000{col 54}{space 4}  6.02466{col 67}{space 3} 7.346526
{txt}{hline 13}{c BT}{hline 11}{hline 11}{hline 9}{hline 8}{hline 13}{hline 12}
{p 0 12 53}Endogenous: {res:educ}{p_end}
{p 0 12 53}Exogenous:{space 1} {res:41.yob 42.yob 43.yob 44.yob 45.yob 46.yob 47.yob 48.yob 49.yob 2.qob 3.qob 4.qob}{p_end}

{com}.    estadd scalar widstat=e(F)

{txt}added scalar:
            e(widstat) =  {res}.
{txt}
{com}. 
{txt}end of do-file

{com}. do /var/folders/h0/wxw40lrj64j6l30lq749x76r0000gn/T/StataRun1737115483670.do
{txt}
{com}. * part e: Creating a Table of Estimates from Part B
.  esttab ols wald qob_iv, ///
>     b(3) se(3) stats(r2 widstat N , fmt(%4.3f %4.1f %9.0fc) labels("R-squared" "First-stage F-stat" "Observations")) ///
>     nodepvars nostar obslast nobaselevels varwidth(24) alignment(r) ///
>     title("Returns to Education Estimates") ///
>     mtitles("OLS" "Wald" "2SLS") ///
>     coeflabels(_cons "Constant" educ "Highest Grade Completed") ///
>     order(_cons educ) ///
>     indicate("Birth Year Effects = *.yob") ///
>     nonotes addnotes("Standard errors in parentheses." "Data source: 1980 Census.")
{res}
{txt}Returns to Education Estimates
{txt}{hline 63}
{txt}                                  (1)          (2)          (3)
{txt}                                  OLS         Wald         2SLS
{txt}{hline 63}
{txt}Constant                {res}        5.045        5.931        6.686{txt}
                        {res} {ralign 12:{txt:(}0.004{txt:)}} {ralign 12:{txt:(}0.360{txt:)}} {ralign 12:{txt:(}0.337{txt:)}}{txt}

{txt}Highest Grade Completed {res}        0.055       -0.010       -0.061{txt}
                        {res} {ralign 12:{txt:(}0.000{txt:)}} {ralign 12:{txt:(}0.027{txt:)}} {ralign 12:{txt:(}0.026{txt:)}}{txt}

{txt}Birth Year Effects      {res}           No           No          Yes{txt}
{txt}{hline 63}
{txt}R-squared               {res}        0.066            .            .{txt}
{txt}First-stage F-stat      {res}                         .            .{txt}
{txt}Observations            {res}      486,926      486,926      486,926{txt}
{txt}{hline 63}
{txt}Standard errors in parentheses.
{txt}Data source: 1980 Census.

{com}. *** end part e
. 
{txt}end of do-file

{com}. do /var/folders/h0/wxw40lrj64j6l30lq749x76r0000gn/T/StataRun1737115600307.do
{txt}
{com}. * OLS regression
.   eststo ols: regress lwklywge educ

{txt}      Source {c |}       SS           df       MS      Number of obs   ={res}   486,926
{txt}{hline 13}{c +}{hline 34}   F(1, 486924)    = {res} 34137.04
{txt}       Model {c |} {res} 13286.5814         1  13286.5814   {txt}Prob > F        ={res}    0.0000
{txt}    Residual {c |} {res} 189517.161   486,924  .389213022   {txt}R-squared       ={res}    0.0655
{txt}{hline 13}{c +}{hline 34}   Adj R-squared   ={res}    0.0655
{txt}       Total {c |} {res} 202803.743   486,925  .416498932   {txt}Root MSE        =   {res} .62387

{txt}{hline 13}{c TT}{hline 11}{hline 11}{hline 9}{hline 8}{hline 13}{hline 12}
{col 1}    lwklywge{col 14}{c |} Coefficient{col 26}  Std. err.{col 38}      t{col 46}   P>|t|{col 54}     [95% con{col 67}f. interval]
{hline 13}{c +}{hline 11}{hline 11}{hline 9}{hline 8}{hline 13}{hline 12}
{space 8}educ {c |}{col 14}{res}{space 2} .0554276{col 26}{space 2}    .0003{col 37}{space 1}  184.76{col 46}{space 3}0.000{col 54}{space 4} .0548397{col 67}{space 3} .0560156
{txt}{space 7}_cons {c |}{col 14}{res}{space 2}  5.04521{col 26}{space 2} .0041685{col 37}{space 1} 1210.33{col 46}{space 3}0.000{col 54}{space 4}  5.03704{col 67}{space 3} 5.053381
{txt}{hline 13}{c BT}{hline 11}{hline 11}{hline 9}{hline 8}{hline 13}{hline 12}
{res}{txt}
{com}.   eststo wald: ivregress 2sls lwklywge (educ = q1), first
{res}
{txt}First-stage regressions
{hline 23}

{col 56}{lalign 13:Number of obs}{col 69} = {res}{ralign 7:486,926}
{txt}{col 56}{lalign 13:F({res:1}, {res:486924})}{col 69} = {res}{ralign 7:68.38}
{txt}{col 56}{lalign 13:Prob > F}{col 69} = {res}{ralign 7:0.0000}
{txt}{col 56}{lalign 13:R-squared}{col 69} = {res}{ralign 7:0.0001}
{txt}{col 56}{lalign 13:Adj R-squared}{col 69} = {res}{ralign 7:0.0001}
{txt}{col 56}{lalign 13:Root MSE}{col 69} = {res}{ralign 7:2.9800}

{txt}{hline 13}{c TT}{hline 11}{hline 11}{hline 9}{hline 8}{hline 13}{hline 12}
{col 1}        educ{col 14}{c |} Coefficient{col 26}  Std. err.{col 38}      t{col 46}   P>|t|{col 54}     [95% con{col 67}f. interval]
{hline 13}{c +}{hline 11}{hline 11}{hline 9}{hline 8}{hline 13}{hline 12}
{space 10}q1 {c |}{col 14}{res}{space 2}-.0824827{col 26}{space 2} .0099745{col 37}{space 1}   -8.27{col 46}{space 3}0.000{col 54}{space 4}-.1020324{col 67}{space 3} -.062933
{txt}{space 7}_cons {c |}{col 14}{res}{space 2}  13.5917{col 26}{space 2} .0049044{col 37}{space 1} 2771.33{col 46}{space 3}0.000{col 54}{space 4} 13.58209{col 67}{space 3} 13.60131
{txt}{hline 13}{c BT}{hline 11}{hline 11}{hline 9}{hline 8}{hline 13}{hline 12}

{res}
{txt}{col 1}Instrumental-variables 2SLS regression{col 51}Number of obs{col 67}= {res}   486,926
{txt}{col 1}{col 51}Wald chi2({res}1{txt}){col 67}= {res}      0.14
{txt}{col 1}{col 51}Prob > chi2{col 67}= {res}    0.7111
{txt}{col 1}{col 51}R-squared{col 67}= {res}         .
{txt}{col 51}Root MSE{col 67}=    {res} .65347

{txt}{hline 13}{c TT}{hline 11}{hline 11}{hline 9}{hline 8}{hline 13}{hline 12}
{col 1}    lwklywge{col 14}{c |} Coefficient{col 26}  Std. err.{col 38}      z{col 46}   P>|z|{col 54}     [95% con{col 67}f. interval]
{hline 13}{c +}{hline 11}{hline 11}{hline 9}{hline 8}{hline 13}{hline 12}
{space 8}educ {c |}{col 14}{res}{space 2}-.0098222{col 26}{space 2} .0265177{col 37}{space 1}   -0.37{col 46}{space 3}0.711{col 54}{space 4}-.0617959{col 67}{space 3} .0421516
{txt}{space 7}_cons {c |}{col 14}{res}{space 2} 5.930765{col 26}{space 2} .3598933{col 37}{space 1}   16.48{col 46}{space 3}0.000{col 54}{space 4} 5.225387{col 67}{space 3} 6.636143
{txt}{hline 13}{c BT}{hline 11}{hline 11}{hline 9}{hline 8}{hline 13}{hline 12}
{p 0 12 53}Endogenous: {res:educ}{p_end}
{p 0 12 53}Exogenous:{space 1} {res:q1}{p_end}

{com}.    quietly test q1
{bf}{err}q1{sf} not found
{txt}{search r(111), local:r(111);}

end of do-file

{search r(111), local:r(111);}

{com}. do /var/folders/h0/wxw40lrj64j6l30lq749x76r0000gn/T/StataRun1737115646583.do
{txt}
{com}. * part e: Creating a Table of Estimates from Part B
.  esttab ols wald qob_iv, ///
>     b(3) se(3) stats(r2 widstat N , fmt(%4.3f %4.1f %9.0fc) labels("R-squared" "First-stage F-stat" "Observations")) ///
>     nodepvars nostar obslast nobaselevels varwidth(24) alignment(r) ///
>     title("Returns to Education Estimates") ///
>     mtitles("OLS" "Wald" "2SLS") ///
>     coeflabels(_cons "Constant" educ "Highest Grade Completed") ///
>     order(_cons educ) ///
>     indicate("Birth Year Effects = *.yob") ///
>     nonotes addnotes("Standard errors in parentheses." "Data source: 1980 Census.")
{res}
{txt}Returns to Education Estimates
{txt}{hline 63}
{txt}                                  (1)          (2)          (3)
{txt}                                  OLS         Wald         2SLS
{txt}{hline 63}
{txt}Constant                {res}        5.045        5.931        6.686{txt}
                        {res} {ralign 12:{txt:(}0.004{txt:)}} {ralign 12:{txt:(}0.360{txt:)}} {ralign 12:{txt:(}0.337{txt:)}}{txt}

{txt}Highest Grade Completed {res}        0.055       -0.010       -0.061{txt}
                        {res} {ralign 12:{txt:(}0.000{txt:)}} {ralign 12:{txt:(}0.027{txt:)}} {ralign 12:{txt:(}0.026{txt:)}}{txt}

{txt}Birth Year Effects      {res}           No           No          Yes{txt}
{txt}{hline 63}
{txt}R-squared               {res}        0.066            .            .{txt}
{txt}First-stage F-stat      {res}                                      .{txt}
{txt}Observations            {res}      486,926      486,926      486,926{txt}
{txt}{hline 63}
{txt}Standard errors in parentheses.
{txt}Data source: 1980 Census.

{com}. *** end part e
. 
{txt}end of do-file

{com}. 